------------------------------------------------------------
Timing Analyzer Summary
------------------------------------------------------------

Type  : Slow 1100mV 85C Model Setup 'clock'
Slack : -0.319
TNS   : -1.096

Type  : Slow 1100mV 85C Model Hold 'clock'
Slack : 0.443
TNS   : 0.000

Type  : Slow 1100mV 85C Model Minimum Pulse Width 'clock'
Slack : -0.538
TNS   : -3.140

Type  : Slow 1100mV 0C Model Setup 'clock'
Slack : -0.397
TNS   : -1.319

Type  : Slow 1100mV 0C Model Hold 'clock'
Slack : 0.475
TNS   : 0.000

Type  : Slow 1100mV 0C Model Minimum Pulse Width 'clock'
Slack : -0.538
TNS   : -3.196

Type  : Fast 1100mV 85C Model Setup 'clock'
Slack : 0.372
TNS   : 0.000

Type  : Fast 1100mV 85C Model Hold 'clock'
Slack : 0.179
TNS   : 0.000

Type  : Fast 1100mV 85C Model Minimum Pulse Width 'clock'
Slack : -0.090
TNS   : -0.356

Type  : Fast 1100mV 0C Model Setup 'clock'
Slack : 0.406
TNS   : 0.000

Type  : Fast 1100mV 0C Model Hold 'clock'
Slack : 0.167
TNS   : 0.000

Type  : Fast 1100mV 0C Model Minimum Pulse Width 'clock'
Slack : -0.093
TNS   : -0.368

------------------------------------------------------------
